[backblue.gif]
[fade.gif]
[index.html]
[developer.pardus.org.tr/_static/icons/pardus_logo.png]
[developer.pardus.org.tr/_static/releases.png]
[developer.pardus.org.tr/_static/projects.png]
[developer.pardus.org.tr/_static/guides.png]
[developer.pardus.org.tr/_static/events.png]
[developer.pardus.org.tr/_static/planet.png]
[developer.pardus.org.tr/index.html]
[developer.pardus.org.tr/_static/icons/browse.png]
[developer.pardus.org.tr/_static/head.png]
[developer.pardus.org.tr/_static/logo.png]
[developer.pardus.org.tr/_static/default.css]
[developer.pardus.org.tr/_static/file.png]
[developer.pardus.org.tr/_static/pygments.css]
[developer.pardus.org.tr/_static/jquery.js]
[developer.pardus.org.tr/_static/doctools.js]
[developer.pardus.org.tr/genindex.html]
[developer.pardus.org.tr/search.html]
[developer.pardus.org.tr/releases/index.html]
[developer.pardus.org.tr/projects/index.html]
[developer.pardus.org.tr/guides/index.html]
[developer.pardus.org.tr/events/index.html]
[developer.pardus.org.tr/minus.html]
[developer.pardus.org.tr/index-2.html]
[developer.pardus.org.tr/_static/searchtools.js]
[developer.pardus.org.tr/searchindex.js]
[developer.pardus.org.tr/releases/2011/index.html]
[developer.pardus.org.tr/guides/communication/irc_channels.html]
[developer.pardus.org.tr/releases/corporate/index.html]
[developer.pardus.org.tr/projects/comar/index.html]
[developer.pardus.org.tr/contents.html]
[developer.pardus.org.tr/projects/pisi/index.html]
[developer.pardus.org.tr/projects/yali/index.html]
[developer.pardus.org.tr/projects/kaptan/index.html]
[developer.pardus.org.tr/projects/pardusman/index.html]
[developer.pardus.org.tr/projects/package-manager/index.html]
[developer.pardus.org.tr/projects/network-manager/index.html]
[developer.pardus.org.tr/projects/display-settings/index.html]
[developer.pardus.org.tr/projects/user-manager/index.html]
[developer.pardus.org.tr/projects/system-manager/index.html]
[developer.pardus.org.tr/projects/firewall-manager/index.html]
[developer.pardus.org.tr/projects/boot-manager/index.html]
[developer.pardus.org.tr/projects/disk-manager/index.html]
[developer.pardus.org.tr/projects/history-manager/index.html]
[developer.pardus.org.tr/projects/migration/index.html]
[developer.pardus.org.tr/projects/service-manager/index.html]
[developer.pardus.org.tr/projects/upgrade-manager/index.html]
[developer.pardus.org.tr/projects/sysinfo/index.html]
[developer.pardus.org.tr/projects/ptsp/index.html]
[developer.pardus.org.tr/guides/newcontributor/index.html]
[developer.pardus.org.tr/events/past_events/free_software_and_linux_days.html]
[developer.pardus.org.tr/guides/newcontributor/new-contributor-guide.html]
[developer.pardus.org.tr/guides/newcontributor/areas-to-contribute.html]
[developer.pardus.org.tr/guides/newcontributor/how-to-be-contributor.html]
[developer.pardus.org.tr/guides/newcontributor/creating-svn-account.html]
[developer.pardus.org.tr/_images/application_process.png]
[developer.pardus.org.tr/_images/dl.png]
[developer.pardus.org.tr/_images/locked.png]
[developer.pardus.org.tr/_images/ul.png]
[developer.pardus.org.tr/_images/dl-pot.png]
[developer.pardus.org.tr/_images/add-new.png]
[developer.pardus.org.tr/_images/add-new2.png]
[developer.pardus.org.tr/_images/watch.png]
[developer.pardus.org.tr/_images/watch-project.png]
[developer.pardus.org.tr/guides/newcontributor/introduction-to-translation.html]
[developer.pardus.org.tr/guides/newcontributor/faq-about-translations.html]
[developer.pardus.org.tr/guides/newcontributor/newcontributor_mentors.html]
[developer.pardus.org.tr/guides/newcontributor/developer_roles.html]
[developer.pardus.org.tr/guides/newcontributor/tester_roles.html]
[developer.pardus.org.tr/guides/packaging/index.html]
[developer.pardus.org.tr/guides/packaging/packaging_guidelines.html]
[developer.pardus.org.tr/guides/packaging/howto_create_pisi_packages.html]
[developer.pardus.org.tr/guides/packaging/howto_build_pisi_package.html]
[developer.pardus.org.tr/guides/packaging/actionsapi/index.html]
[developer.pardus.org.tr/guides/packaging/package_naming_guidelines.html]
[developer.pardus.org.tr/guides/packaging/binary_package_naming_guidelines.html]
[developer.pardus.org.tr/guides/packaging/package_components.html]
[developer.pardus.org.tr/guides/packaging/package-review-process.html]
[developer.pardus.org.tr/guides/packaging/reviewing_guidelines.html]
[developer.pardus.org.tr/guides/bugtracking/index.html]
[developer.pardus.org.tr/guides/bugtracking/bug_cycle.html]
[developer.pardus.org.tr/_images/bugcycle.png]
[developer.pardus.org.tr/guides/bugtracking/bug_and_feature_requests.html]
[developer.pardus.org.tr/guides/bugtracking/howto_bug_triage.html]
[developer.pardus.org.tr/guides/bugtracking/correct_component.html]
[developer.pardus.org.tr/guides/bugtracking/finding_duplicates.html]
[developer.pardus.org.tr/guides/bugtracking/stack_traces.html]
[developer.pardus.org.tr/guides/bugtracking/stock_responses.html]
[developer.pardus.org.tr/guides/bugtracking/tracker_bug_process.html]
[developer.pardus.org.tr/guides/newfeature/index.html]
[developer.pardus.org.tr/_images/feature_oi.png]
[developer.pardus.org.tr/guides/newfeature/newfeature_requests.html]
[developer.pardus.org.tr/_images/feature_bugzilla.png]
[developer.pardus.org.tr/guides/kde/index.html]
[developer.pardus.org.tr/guides/kde/kde4-applications.html]
[developer.pardus.org.tr/guides/kde/plasmoids.html]
[developer.pardus.org.tr/guides/rest/index.html]
[developer.pardus.org.tr/guides/rest/howto-rst.html]
[developer.pardus.org.tr/guides/licensing/index.html]
[developer.pardus.org.tr/guides/licensing/forbidden_special_software.html]
[developer.pardus.org.tr/guides/licensing/licensing_guidelines.html]
[developer.pardus.org.tr/guides/softwaredevelopment/index.html]
[developer.pardus.org.tr/guides/softwaredevelopment/coderules/index.html]
[developer.pardus.org.tr/guides/softwaredevelopment/developmentlifecycle/index.html]
[developer.pardus.org.tr/guides/releasing/index.html]
[developer.pardus.org.tr/guides/releasing/official_releases/index.html]
[developer.pardus.org.tr/guides/releasing/repository_concepts/index.html]
[developer.pardus.org.tr/guides/releasing/bootstrapping.html]
[developer.pardus.org.tr/guides/releasing/preparing_buildfarm.html]
[developer.pardus.org.tr/guides/releasing/generating_nightly_builds.html]
[developer.pardus.org.tr/guides/releasing/feature_freeze.html]
[developer.pardus.org.tr/guides/releasing/security_process.html]
[developer.pardus.org.tr/guides/releasing/testing_process/index.html]
[developer.pardus.org.tr/guides/releasing/end_of_life.html]
[developer.pardus.org.tr/guides/communication/index.html]
[developer.pardus.org.tr/guides/communication/mailing_lists_guide.html]
[developer.pardus.org.tr/guides/communication/mailing_lists.html]
[developer.pardus.org.tr/events/recent_events/index.html]
[developer.pardus.org.tr/events/past_events/index.html]
[developer.pardus.org.tr/releases/2011/schedule.html]
[developer.pardus.org.tr/releases/2011/meetings.html]
[developer.pardus.org.tr/releases/2011/release-notes.html]
[developer.pardus.org.tr/releases/corporate/schedule.html]
[developer.pardus.org.tr/releases/corporate/feature-list.html]
[developer.pardus.org.tr/releases/corporate/meetings.html]
[developer.pardus.org.tr/releases/corporate/release-notes.html]
[developer.pardus.org.tr/projects/comar/service-scripts.html]
[developer.pardus.org.tr/events/recent_events/bug_analysis/index.html]
[developer.pardus.org.tr/_images/all_open_bugs_for_version.png]
[developer.pardus.org.tr/_images/all_open_bugs.png]
[developer.pardus.org.tr/events/recent_events/bug_analysis/all-bugs-report.html]
[developer.pardus.org.tr/events/recent_events/bug_analysis/detailed-bug-report.html]
[developer.pardus.org.tr/_images/fixed_bugs_lw.png]
[developer.pardus.org.tr/_images/commented_bugs_lw.png]
[developer.pardus.org.tr/_images/triaged_bugs_lw.png]
[developer.pardus.org.tr/events/recent_events/bug_analysis/weekly-bug-report.html]
[developer.pardus.org.tr/_images/fixed_bugs_lm.png]
[developer.pardus.org.tr/_images/commented_bugs_lm.png]
[developer.pardus.org.tr/events/recent_events/bug_analysis/monthly-bug-report.html]
[developer.pardus.org.tr/_images/fixed_bugs_l6m.png]
[developer.pardus.org.tr/_images/commented_bugs_l6m.png]
[developer.pardus.org.tr/events/recent_events/bug_analysis/half-yearly-bug-report.html]
[developer.pardus.org.tr/_images/fixed_bugs_ly.png]
[developer.pardus.org.tr/_images/commented_bugs_ly.png]
[developer.pardus.org.tr/events/recent_events/bug_analysis/yearly-bug-report.html]
[developer.pardus.org.tr/events/recent_events/bug_triage_days.html]
[developer.pardus.org.tr/guides/packaging/actionsapi/main.html]
[developer.pardus.org.tr/guides/packaging/actionsapi/autotools.html]
[developer.pardus.org.tr/guides/packaging/actionsapi/cmaketools.html]
[developer.pardus.org.tr/guides/packaging/actionsapi/get.html]
[developer.pardus.org.tr/guides/packaging/actionsapi/kde4.html]
[developer.pardus.org.tr/guides/packaging/actionsapi/kde.html]
[developer.pardus.org.tr/guides/packaging/actionsapi/kerneltools.html]
[developer.pardus.org.tr/guides/packaging/actionsapi/libtools.html]
[developer.pardus.org.tr/guides/packaging/actionsapi/perlmodules.html]
[developer.pardus.org.tr/guides/packaging/actionsapi/pisitools.html]
[developer.pardus.org.tr/guides/packaging/actionsapi/pkgconfig.html]
[developer.pardus.org.tr/guides/packaging/actionsapi/pythonmodules.html]
[developer.pardus.org.tr/guides/packaging/actionsapi/qt4.html]
[developer.pardus.org.tr/guides/packaging/actionsapi/rubymodules.html]
[developer.pardus.org.tr/guides/packaging/actionsapi/scons.html]
[developer.pardus.org.tr/guides/packaging/actionsapi/shelltools.html]
[developer.pardus.org.tr/guides/packaging/actionsapi/texlivemodules.html]
[developer.pardus.org.tr/guides/softwaredevelopment/coderules/code_rules.html]
[developer.pardus.org.tr/_images/whole_view.png]
[developer.pardus.org.tr/guides/softwaredevelopment/coderules/docstring_rules.html]
[developer.pardus.org.tr/_images/method_sample.png]
[developer.pardus.org.tr/guides/softwaredevelopment/coderules/unit_test_rules.html]
[developer.pardus.org.tr/_images/Graph.png]
[developer.pardus.org.tr/guides/softwaredevelopment/developmentlifecycle/software_development_lifecycle.html]
[developer.pardus.org.tr/guides/releasing/official_releases/alpha_release.html]
[developer.pardus.org.tr/guides/releasing/official_releases/beta_release.html]
[developer.pardus.org.tr/guides/releasing/official_releases/final_release.html]
[developer.pardus.org.tr/guides/releasing/repository_concepts/sourcecode_repository.html]
[developer.pardus.org.tr/guides/releasing/repository_concepts/software_repository.html]
[developer.pardus.org.tr/guides/releasing/repository_concepts/subversion_usage.html]
[developer.pardus.org.tr/guides/releasing/repository_concepts/version_control_system_rules.html]
[developer.pardus.org.tr/guides/releasing/testing_process/development_release_test_process.html]
[developer.pardus.org.tr/guides/releasing/testing_process/shipping_release_test_process.html]
[developer.pardus.org.tr/guides/releasing/testing_process/package_update_tests/index.html]
[developer.pardus.org.tr/guides/releasing/testing_process/package_update_tests/prepare_test_environment_for_package_updates.html]
[developer.pardus.org.tr/guides/releasing/testing_process/package_update_tests/package_update_tests.html]
[developer.pardus.org.tr/guides/releasing/testing_process/package_update_tests/security_tests.html]
[developer.pardus.org.tr/projects/pisi/index-2.html]
[developer.pardus.org.tr/projects/comar/index-2.html]
[developer.pardus.org.tr/guides/packaging/howto-create-pisi-package.html]
[developer.pardus.org.tr/guides/packaging/scripts/checkelf.html]
[developer.pardus.org.tr/guides/packaging/texlive_packaging.html]
[developer.pardus.org.tr/guides/packaging/checkelf.html]
[developer.pardus.org.tr/guides/bugtracking/scripts/testgl.html]
[developer.pardus.org.tr/guides/bugtracking/bug_and_feature_requests8cb1.html]
[developer.pardus.org.tr/guides/releasing/official-releases/index.html]
[developer.pardus.org.tr/events/recent_events/bug_analysis/events/recent_events/bug_analysis/triaged_bugs_lm.html]
[developer.pardus.org.tr/events/recent_events/bug_analysis/events/recent_events/bug_analysis/triaged_bugs_l6m.html]
[developer.pardus.org.tr/events/recent_events/bug_analysis/events/recent_events/bug_analysis/triaged_bugs_ly.html]
[developer.pardus.org.tr/guides/softwaredevelopment/coderules/PythonStyleCheatSheet.html]
[developer.pardus.org.tr/guides/softwaredevelopment/coderules/PardusApiDocStandardsCheatSheet.html]
[developer.pardus.org.tr/guides/softwaredevelopment/coderules/PardusUnitTestCheatSheet.html]
[developer.pardus.org.tr/guides/softwaredevelopment/developmentlifecycle/software_development_lifecycle-2.html]
